Initial status:
The campus owns 2000 units of land.
Building B101 is for administrative staff and it occupies 300 units of land.
Building B402 is for administrative staff and it occupies 150 units of land.
Building B324 is for researchers and it occupies 150 units of land.
Building B210 is for researchers and it occupies 200 units of land.
Building B116 is for students and it occupies 250 units of land.
Building B303 is for students and it occupies 150 units of land.

Demolishing buildings B101 and B210...freed 500 units of land

Current status:
The campus owns 2000 units of land.
Building B402 is for administrative staff and it occupies 150 units of land.
Building B324 is for researchers and it occupies 150 units of land.
Building B116 is for students and it occupies 250 units of land.
Building B303 is for students and it occupies 150 units of land.

Demolishing buildings B101 and B210 again...freed 0 units of land

Current status:
The campus owns 2000 units of land.
Building B402 is for administrative staff and it occupies 150 units of land.
Building B324 is for researchers and it occupies 150 units of land.
Building B116 is for students and it occupies 250 units of land.
Building B303 is for students and it occupies 150 units of land.

Demolishing building B402 and non-existent building B403 at once...freed 150 units of land

Current status:
The campus owns 2000 units of land.
Building B324 is for researchers and it occupies 150 units of land.
Building B116 is for students and it occupies 250 units of land.
Building B303 is for students and it occupies 150 units of land.

Demolishing non-existent buildings B500 and B501...freed 0 units of land

Current status:
The campus owns 2000 units of land.
Building B324 is for researchers and it occupies 150 units of land.
Building B116 is for students and it occupies 250 units of land.
Building B303 is for students and it occupies 150 units of land.

Demolishing building B116 twice at once...freed 250 units of land

Current status:
The campus owns 2000 units of land.
Building B324 is for researchers and it occupies 150 units of land.
Building B303 is for students and it occupies 150 units of land.

