Creating a first playlist

The first playlist is: 
Song4, ArtistC, Rap, 232, 
Song3, ArtistA, Dance, 302, 
Song2, ArtistB, Pop, 195, 
Song1, ArtistA, Rock, 230, 

The total duration of the first playlist is: 959 seconds

Creating a second playlist

The second playlist is: 
Song10, ArtistB, Rock, 298, 
Song9, ArtistE, Rap, 312, 
Song8, ArtistD, Rock, 248, 
Song7, ArtistC, Dance, 256, 
Song6, ArtistC, Pop, 223, 
Song5, ArtistA, Pop, 185, 

The total duration of the playlist is: 1522 seconds

Creating a third playlist

The third playlist is: 
Song11, ArtistA, Pop, 203, 

The total duration of the playlist is: 203 seconds

