Manually creating a field of 7x5 tiles

What the opponent sees of the field is:
?????
?????
?????
?????
?????
?????
?????
The position of the mines in the field is:
M   M
   M 
     
M    
   M 
M   M
 M   

Walking on the field

What the opponent sees of the field is now:
?11??
?????
?????
?????
?????
?????
2??11

Manually creating a new field of 4x8 tiles

What the opponent sees of the new field is:
????????
????????
????????
????????
The position of the mines in the new field is:
M       
        
   M    
 M   M M

Walking on the new field

What the opponent sees of the new field is now:
????????
???11?0?
???X2???
1?2?????
