What the opponent sees of the sea is:
??????????????
??????????????
??????????????
??????????????
??????????????
??????????????
??????????????
The position of the ships in the sea is:
              
              
              
              
              
              
              

Manipulating the sea

What the opponent sees of the sea is now:
  X???????????
??????????????
??????????????
??????????????
??????????????
??????????????
????X?????????
The position of the ships in the sea is now:
  X           
              
              
              
              
              
3  2X         

Creating a new sea

What the opponent sees of the new sea is:
????????????????????????????????
????????????????????????????????
????????????????????????????????
????????????????????????????????
????????????????????????????????
????????????????????????????????
????????????????????????????????
????????????????????????????????
????????????????????????????????
????????????????????????????????
????????????????????????????????
????????????????????????????????
????????????????????????????????
????????????????????????????????
????????????????????????????????
????????????????????????????????
The position of the ships in the new sea is:
                                
                                
                                
                                
                                
                                
                                
                                
                                
                                
                                
                                
                                
                                
                                
                                

Manipulating the new sea

What the opponent sees of the new sea is now:
????????????????????????????????
????????????????????????????????
????????????????????????????????
????????????????????????????????
 X ?????????????????????????????
????????????????????????????????
????????????????????????????????
????????????????????????????????
????????????????????????????????
????????????????????????????????
????????????????????????????????
????????????????????????????????
????????????????????????????????
????????????????????????????????
???X ???????????????????????????
????????????????????????????????
The position of the ships in the new sea is now:
                                
                                
                                
                                
 X                              
                                
                                
                                
                                
                                
                                
                                
                                
                                
   X                            
   2               3            
