Revealed cavern:
X # ##   # ## #  #  
            # # #   
     #           W  
 #     #    #     # 
   #  # # #   ##   #
##     #   #  ## #  
   ## # # # #    #  
#   #         #     

Cavern with player at row 0, column 0:
X # ????????????????
    ????????????????
    ????????????????
 # ?????????????????
????????????????????
????????????????????
????????????????????
????????????????????

Cavern with player at row 3, column 3:
- # ##??????????????
       ?????????????
     # ?????????????
 # X   ?????????????
   #  #?????????????
##     ?????????????
?  ## ??????????????
????????????????????

Cavern with player at row 4, column 16:
--#-##??????????????
-------???????# #  ?
-----#-??????    W  
-#-----??????     # 
---#--#?????? ##X  #
##-----?????? ## #  
?--##-???????    #  
??????????????#    ?

Cavern with player at row 6, column 15:
--#-##??????????????
-------???????#-#--?
-----#-??????-------
-#-----??????     #-
---#--#?????  ##   #
##-----?????  ## # -
?--##-??????#  X # -
????????????  #    ?
